[
    {
        "ip": "22.22.22.22",
        "amount": 7,
        "timestamp": "3/11/2016 02:02:58"
    },
    {
        "ip": "22.22.22.22",
        "amount": 11,
        "timestamp": "3/11/2016 05:02:45"
    },
    {
        "ip": "22.22.22.22",
        "amount": 2,
        "timestamp": "3/11/2016 06:35:12"
    },
    {
        "ip": "11.11.11.11",
        "amount": 7.25,
        "timestamp": "3/11/2016 02:12:32"
    },
    {
        "ip": "11.11.11.11",
        "amount": 12,
        "timestamp": "3/11/2016 06:45:01"
    },
    {
        "ip": "44.44.44.44",
        "amount": 8.75,
        "timestamp": "3/11/2016 02:13:54"
    },
    {
        "ip": "44.44.44.44",
        "amount": 5,
        "timestamp": "3/11/2016 06:32:42"
    },
    {
        "ip": "99.99.99.99",
        "amount": 2,
        "timestamp": "3/11/2016 06:35:12"
    },
    {
        "ip": "99.99.99.99",
        "amount": 11,
        "timestamp": "3/11/2016 05:02:45"
    },
    {
        "ip": "127.0.0.1",
        "amount": 12,
        "timestamp": "3/11/2016 06:35:12"
    },
    {
        "ip": "77.77.77.77",
        "amount": 12,
        "timestamp": "3/11/2016 06:45:01"
    }
]